DROP TABLE IF EXISTS res;
NOTICE:  table "res" does not exist, skipping
CREATE EXTENSION replace_empty_string;
CREATE TABLE res (
	id		int4,
	idesc		text,
	test1		varchar,
	test2		text
);
CREATE TRIGGER res_replace_empty_string
	BEFORE UPDATE OR INSERT ON res
	FOR EACH ROW
	EXECUTE PROCEDURE replace_empty_string ();
INSERT INTO res VALUES (1, 'first', NULL, '');
INSERT INTO res VALUES (2, NULL, '', 'Hello');
\pset null ****
SELECT * FROM res;
 id | idesc | test1 | test2 
----+-------+-------+-------
  1 | first | ****  | ****
  2 | ****  | ****  | Hello
(2 rows)

UPDATE res SET idesc = ''
	WHERE id = 1;
SELECT * FROM res;
 id | idesc | test1 | test2 
----+-------+-------+-------
  2 | ****  | ****  | Hello
  1 | ****  | ****  | ****
(2 rows)

DROP TRIGGER res_replace_empty_string ON res;
-- print warnings
CREATE TRIGGER res_replace_empty_string
	BEFORE UPDATE OR INSERT ON res
	FOR EACH ROW
	EXECUTE PROCEDURE replace_empty_string ('on');
INSERT INTO res VALUES (3, 'first', NULL, '');
WARNING:  Field "test2" of table "res" is empty string (replaced by NULL).
INSERT INTO res VALUES (4, NULL, '', 'Hello');
WARNING:  Field "test1" of table "res" is empty string (replaced by NULL).
SELECT * FROM res;
 id | idesc | test1 | test2 
----+-------+-------+-------
  2 | ****  | ****  | Hello
  1 | ****  | ****  | ****
  3 | first | ****  | ****
  4 | ****  | ****  | Hello
(4 rows)

UPDATE res SET idesc = ''
	WHERE id = 3;
WARNING:  Field "idesc" of table "res" is empty string (replaced by NULL).
